/home/krillman/miniconda3/envs/hf_geom_eg3d_py39/lib/python3.9/site-packages/torch/utils/cpp_extension.py:25: UserWarning: pkg_resources is deprecated as an API. See https://setuptools.pypa.io/en/latest/pkg_resources.html. The pkg_resources package is slated for removal as early as 2025-11-30. Refrain from using this package or pin to Setuptools<81.
  from pkg_resources import packaging  # type: ignore[attr-defined]
2026-06-10 06:18:28.917025: E external/local_xla/xla/stream_executor/cuda/cuda_fft.cc:467] Unable to register cuFFT factory: Attempting to register factory for plugin cuFFT when one has already been registered
WARNING: All log messages before absl::InitializeLog() is called are written to STDERR
E0000 00:00:1781036308.933960  175912 cuda_dnn.cc:8579] Unable to register cuDNN factory: Attempting to register factory for plugin cuDNN when one has already been registered
E0000 00:00:1781036308.939088  175912 cuda_blas.cc:1407] Unable to register cuBLAS factory: Attempting to register factory for plugin cuBLAS when one has already been registered
W0000 00:00:1781036308.952569  175912 computation_placer.cc:177] computation placer already registered. Please check linkage and avoid linking the same target more than once.
W0000 00:00:1781036308.952611  175912 computation_placer.cc:177] computation placer already registered. Please check linkage and avoid linking the same target more than once.
W0000 00:00:1781036308.952617  175912 computation_placer.cc:177] computation placer already registered. Please check linkage and avoid linking the same target more than once.
W0000 00:00:1781036308.952622  175912 computation_placer.cc:177] computation placer already registered. Please check linkage and avoid linking the same target more than once.
2026-06-10 06:18:28.956449: I tensorflow/core/platform/cpu_feature_guard.cc:210] This TensorFlow binary is optimized to use available CPU instructions in performance-critical operations.
To enable the following instructions: AVX2 FMA, in other operations, rebuild TensorFlow with the appropriate compiler flags.
Traceback (most recent call last):
  File "/home/krillman/miniconda3/envs/hf_geom_eg3d_py39/lib/python3.9/site-packages/tensorboard/compat/__init__.py", line 42, in tf
    from tensorboard.compat import notf  # noqa: F401
ImportError: cannot import name 'notf' from 'tensorboard.compat' (/home/krillman/miniconda3/envs/hf_geom_eg3d_py39/lib/python3.9/site-packages/tensorboard/compat/__init__.py)

During handling of the above exception, another exception occurred:

AttributeError: 'MessageFactory' object has no attribute 'GetPrototype'
Traceback (most recent call last):
  File "/home/krillman/miniconda3/envs/hf_geom_eg3d_py39/lib/python3.9/site-packages/tensorboard/compat/__init__.py", line 42, in tf
    from tensorboard.compat import notf  # noqa: F401
ImportError: cannot import name 'notf' from 'tensorboard.compat' (/home/krillman/miniconda3/envs/hf_geom_eg3d_py39/lib/python3.9/site-packages/tensorboard/compat/__init__.py)

During handling of the above exception, another exception occurred:

AttributeError: 'MessageFactory' object has no attribute 'GetPrototype'
Traceback (most recent call last):
  File "/home/krillman/miniconda3/envs/hf_geom_eg3d_py39/lib/python3.9/site-packages/tensorboard/compat/__init__.py", line 42, in tf
    from tensorboard.compat import notf  # noqa: F401
ImportError: cannot import name 'notf' from 'tensorboard.compat' (/home/krillman/miniconda3/envs/hf_geom_eg3d_py39/lib/python3.9/site-packages/tensorboard/compat/__init__.py)

During handling of the above exception, another exception occurred:

AttributeError: 'MessageFactory' object has no attribute 'GetPrototype'
/home/krillman/miniconda3/envs/hf_geom_eg3d_py39/lib/python3.9/site-packages/google/api_core/_python_version_support.py:237: FutureWarning: You are using a non-supported Python version (3.9.25). Google will not post any further updates to google.api_core supporting this Python version. Please upgrade to the latest Python version, or at least Python 3.10, and then update google.api_core.
  warnings.warn(message, FutureWarning)
Traceback (most recent call last):
  File "/home/krillman/miniconda3/envs/hf_geom_eg3d_py39/lib/python3.9/site-packages/tensorboard/compat/__init__.py", line 42, in tf
    from tensorboard.compat import notf  # noqa: F401
ImportError: cannot import name 'notf' from 'tensorboard.compat' (/home/krillman/miniconda3/envs/hf_geom_eg3d_py39/lib/python3.9/site-packages/tensorboard/compat/__init__.py)

During handling of the above exception, another exception occurred:

AttributeError: 'MessageFactory' object has no attribute 'GetPrototype'
Traceback (most recent call last):
  File "/home/krillman/miniconda3/envs/hf_geom_eg3d_py39/lib/python3.9/site-packages/tensorboard/compat/__init__.py", line 42, in tf
    from tensorboard.compat import notf  # noqa: F401
ImportError: cannot import name 'notf' from 'tensorboard.compat' (/home/krillman/miniconda3/envs/hf_geom_eg3d_py39/lib/python3.9/site-packages/tensorboard/compat/__init__.py)

During handling of the above exception, another exception occurred:

AttributeError: 'MessageFactory' object has no attribute 'GetPrototype'
/home/krillman/miniconda3/envs/hf_geom_eg3d_py39/lib/python3.9/site-packages/torchvision/datapoints/__init__.py:12: UserWarning: The torchvision.datapoints and torchvision.transforms.v2 namespaces are still Beta. While we do not expect major breaking changes, some APIs may still change according to user feedback. Please submit any feedback you may have in this issue: https://github.com/pytorch/vision/issues/6753, and you can also check out https://github.com/pytorch/vision/issues/7319 to learn more about the APIs that we suspect might involve future changes. You can silence this warning by calling torchvision.disable_beta_transforms_warning().
  warnings.warn(_BETA_TRANSFORMS_WARNING)
/home/krillman/miniconda3/envs/hf_geom_eg3d_py39/lib/python3.9/site-packages/torchvision/transforms/v2/__init__.py:54: UserWarning: The torchvision.datapoints and torchvision.transforms.v2 namespaces are still Beta. While we do not expect major breaking changes, some APIs may still change according to user feedback. Please submit any feedback you may have in this issue: https://github.com/pytorch/vision/issues/6753, and you can also check out https://github.com/pytorch/vision/issues/7319 to learn more about the APIs that we suspect might involve future changes. You can silence this warning by calling torchvision.disable_beta_transforms_warning().
  warnings.warn(_BETA_TRANSFORMS_WARNING)
An error occurred: module 'importlib.metadata' has no attribute 'packages_distributions'
AttributeError: 'MessageFactory' object has no attribute 'GetPrototype'

Training options:
{
  "G_kwargs": {
    "class_name": "training.panohead_nets.triplane.TriPlaneGenerator",
    "z_dim": 512,
    "w_dim": 512,
    "mapping_kwargs": {
      "num_layers": 2
    },
    "channel_base": 32768,
    "channel_max": 512,
    "fused_modconv_default": "inference_only",
    "rendering_kwargs": {
      "image_resolution": 512,
      "disparity_space_sampling": false,
      "clamp_mode": "softplus",
      "superresolution_module": "training.panohead_nets.superresolution.SuperresolutionHybrid8XDC",
      "c_gen_conditioning_zero": false,
      "gpc_reg_prob": 0.8,
      "c_scale": 1,
      "superresolution_noise_mode": "none",
      "density_reg": 0.0,
      "density_reg_p_dist": 0.004,
      "reg_type": "l1",
      "decoder_lr_mul": 1.0,
      "sr_antialias": true,
      "depth_resolution": 48,
      "depth_resolution_importance": 48,
      "ray_start": 2.25,
      "ray_end": 3.3,
      "box_warp": 1,
      "avg_camera_radius": 2.7,
      "avg_camera_pivot": [
        0,
        0,
        0.2
      ],
      "decoder_activation": "none",
      "use_torgb_raw": true,
      "triplane_size": 256,
      "triplane_depth": 3,
      "trans_reg": 10.0,
      "use_background": true
    },
    "num_fp16_res": 0,
    "sr_num_fp16_res": 4,
    "sr_kwargs": {
      "channel_base": 32768,
      "channel_max": 512,
      "fused_modconv_default": "inference_only"
    },
    "conv_clamp": null
  },
  "D_kwargs": {
    "class_name": "training.panohead_nets.dual_discriminator.MaskDualDiscriminatorV2",
    "block_kwargs": {
      "freeze_layers": 0
    },
    "mapping_kwargs": {},
    "epilogue_kwargs": {
      "mbstd_group_size": 4
    },
    "channel_base": 32768,
    "channel_max": 512,
    "disc_c_noise": 0,
    "seg_resolution": 128,
    "seg_channels": 1,
    "num_fp16_res": 4,
    "conv_clamp": 256
  },
  "G_opt_kwargs": {
    "class_name": "torch.optim.Adam",
    "betas": [
      0,
      0.99
    ],
    "eps": 1e-08,
    "lr": 0.0025
  },
  "D_opt_kwargs": {
    "class_name": "torch.optim.Adam",
    "betas": [
      0,
      0.99
    ],
    "eps": 1e-08,
    "lr": 0.002
  },
  "loss_kwargs": {
    "class_name": "training.loss.StyleGAN2Loss_with_RLHF_pnet",
    "r1_gamma": 20,
    "filter_mode": "antialiased",
    "blur_init_sigma": 0,
    "blur_fade_kimg": 25.0,
    "gpc_reg_prob": 0.5,
    "gpc_reg_fade_kimg": 0,
    "dual_discrimination": true,
    "neural_rendering_resolution_initial": 64,
    "neural_rendering_resolution_final": 128,
    "neural_rendering_resolution_fade_kimg": 1000,
    "style_mixing_prob": 0
  },
  "data_loader_kwargs": {
    "pin_memory": true,
    "prefetch_factor": 2,
    "num_workers": 3
  },
  "training_set_kwargs": {
    "class_name": "training.dataset.ImageFolderDataset",
    "path": "/media/krillman/DISK5_1TB/t2_ffhq/eg3d_for_dataset/eg3d_w_mirrore.zip",
    "use_labels": true,
    "max_size": 137108,
    "xflip": false,
    "resolution": 512,
    "random_seed": 0
  },
  "num_gpus": 1,
  "batch_size": 4,
  "batch_gpu": 4,
  "metrics": [],
  "total_kimg": 1,
  "kimg_per_tick": 1,
  "image_snapshot_ticks": 10,
  "network_snapshot_ticks": 10,
  "random_seed": 0,
  "ema_kimg": 1.25,
  "G_reg_interval": 4,
  "resume_pkl": "/home/krillman/Documents/eg3dredo/PanoHead/models/easy-khair-180-gpc0.8-trans10-025000.pkl",
  "ada_kimg": 100,
  "ema_rampup": null,
  "resume_kimg": 2048,
  "run_dir": "/media/krillman/240GB_DATA/training_runs_2/01472-ffhq-eg3d_w_mirrore-gpus1-batch4-gamma20"
}

Output directory:    /media/krillman/240GB_DATA/training_runs_2/01472-ffhq-eg3d_w_mirrore-gpus1-batch4-gamma20
Number of GPUs:      1
Batch size:          4 images
Training duration:   1 kimg
Dataset path:        /media/krillman/DISK5_1TB/t2_ffhq/eg3d_for_dataset/eg3d_w_mirrore.zip
Dataset size:        137108 images
Dataset resolution:  512
Dataset labels:      True
Dataset x-flips:     False

Creating output directory...
Launching processes...
Loading training set...

Num images:  137108
Image shape: [3, 512, 512]
Label shape: [25]

Constructing networks...
Resuming from "/home/krillman/Documents/eg3dredo/PanoHead/models/easy-khair-180-gpc0.8-trans10-025000.pkl"
Setting up PyTorch plugin "bias_act_plugin"... Done.
Setting up PyTorch plugin "upfirdn2d_plugin"... Done.

TriPlaneGenerator              Parameters  Buffers  Output shape        Datatype
---                            ---         ---      ---                 ---     
backbone.mapping.embed         13312       -        [4, 512]            float32 
backbone.mapping.fc0           524800      -        [4, 512]            float32 
backbone.mapping.fc1           262656      -        [4, 512]            float32 
backbone.mapping               -           512      [4, 14, 512]        float32 
t_mapping.embed                78          -        [4, 3]              float32 
t_mapping.fc0                  1548        -        [4, 3]              float32 
t_mapping.fc1                  12          -        [4, 3]              float32 
t_mapping                      -           3        [4, 1, 3]           float32 
ray_sampler:0                  -           -        [4, 4096, 3]        float32 
ray_sampler:1                  -           -        [4, 4096, 3]        float32 
backbone.synthesis.b4.conv1    2622465     32       [4, 512, 4, 4]      float32 
backbone.synthesis.b4.torgb    410400      -        [4, 288, 4, 4]      float32 
backbone.synthesis.b4:0        8192        16       [4, 512, 4, 4]      float32 
backbone.synthesis.b4:1        -           -        [4, 288, 4, 4]      float32 
backbone.synthesis.b8.conv0    2622465     80       [4, 512, 8, 8]      float32 
backbone.synthesis.b8.conv1    2622465     80       [4, 512, 8, 8]      float32 
backbone.synthesis.b8.torgb    410400      -        [4, 288, 8, 8]      float32 
backbone.synthesis.b8:0        -           16       [4, 512, 8, 8]      float32 
backbone.synthesis.b8:1        -           -        [4, 288, 8, 8]      float32 
backbone.synthesis.b16.conv0   2622465     272      [4, 512, 16, 16]    float32 
backbone.synthesis.b16.conv1   2622465     272      [4, 512, 16, 16]    float32 
backbone.synthesis.b16.torgb   410400      -        [4, 288, 16, 16]    float32 
backbone.synthesis.b16:0       -           16       [4, 512, 16, 16]    float32 
backbone.synthesis.b16:1       -           -        [4, 288, 16, 16]    float32 
backbone.synthesis.b32.conv0   2622465     1040     [4, 512, 32, 32]    float32 
backbone.synthesis.b32.conv1   2622465     1040     [4, 512, 32, 32]    float32 
backbone.synthesis.b32.torgb   410400      -        [4, 288, 32, 32]    float32 
backbone.synthesis.b32:0       -           16       [4, 512, 32, 32]    float32 
backbone.synthesis.b32:1       -           -        [4, 288, 32, 32]    float32 
backbone.synthesis.b64.conv0   2622465     4112     [4, 512, 64, 64]    float32 
backbone.synthesis.b64.conv1   2622465     4112     [4, 512, 64, 64]    float32 
backbone.synthesis.b64.torgb   410400      -        [4, 288, 64, 64]    float32 
backbone.synthesis.b64:0       -           16       [4, 512, 64, 64]    float32 
backbone.synthesis.b64:1       -           -        [4, 288, 64, 64]    float32 
backbone.synthesis.b128.conv0  1442561     16400    [4, 256, 128, 128]  float32 
backbone.synthesis.b128.conv1  721409      16400    [4, 256, 128, 128]  float32 
backbone.synthesis.b128.torgb  205344      -        [4, 288, 128, 128]  float32 
backbone.synthesis.b128:0      -           16       [4, 256, 128, 128]  float32 
backbone.synthesis.b128:1      -           -        [4, 288, 128, 128]  float32 
backbone.synthesis.b256.conv0  426369      65552    [4, 128, 256, 256]  float32 
backbone.synthesis.b256.conv1  213249      65552    [4, 128, 256, 256]  float32 
backbone.synthesis.b256.torgb  102816      -        [4, 288, 256, 256]  float32 
backbone.synthesis.b256:0      -           16       [4, 128, 256, 256]  float32 
backbone.synthesis.b256:1      -           -        [4, 288, 256, 256]  float32 
decoder.net                    4257        -        [786432, 33]        float32 
renderer.ray_marcher:0         -           -        [4, 4096, 32]       float32 
renderer.ray_marcher:1         -           -        [4, 4096, 1]        float32 
renderer.ray_marcher:2         -           -        [4, 4096, 47, 1]    float32 
decoder.net                    -           -        [786432, 33]        float32 
renderer.ray_marcher:0         -           -        [4, 4096, 35]       float32 
renderer.ray_marcher:1         -           -        [4, 4096, 1]        float32 
renderer.ray_marcher:2         -           -        [4, 4096, 95, 1]    float32 
renderer:0                     -           -        [4, 4096, 32]       float32 
renderer:1                     -           -        [4, 4096, 1]        float32 
renderer:2                     -           -        [4, 4096, 1]        float32 
bcg_synthesis.b4.conv1         2622465     32       [4, 512, 4, 4]      float32 
bcg_synthesis.b4.torgb         279072      -        [4, 32, 4, 4]       float32 
bcg_synthesis.b4:0             8192        16       [4, 512, 4, 4]      float32 
bcg_synthesis.b4:1             -           -        [4, 32, 4, 4]       float32 
bcg_synthesis.b8.conv0         2622465     80       [4, 512, 8, 8]      float32 
bcg_synthesis.b8.conv1         2622465     80       [4, 512, 8, 8]      float32 
bcg_synthesis.b8.torgb         279072      -        [4, 32, 8, 8]       float32 
bcg_synthesis.b8:0             -           16       [4, 512, 8, 8]      float32 
bcg_synthesis.b8:1             -           -        [4, 32, 8, 8]       float32 
bcg_synthesis.b16.conv0        2622465     272      [4, 512, 16, 16]    float32 
bcg_synthesis.b16.conv1        2622465     272      [4, 512, 16, 16]    float32 
bcg_synthesis.b16.torgb        279072      -        [4, 32, 16, 16]     float32 
bcg_synthesis.b16:0            -           16       [4, 512, 16, 16]    float32 
bcg_synthesis.b16:1            -           -        [4, 32, 16, 16]     float32 
bcg_synthesis.b32.conv0        2622465     1040     [4, 512, 32, 32]    float32 
bcg_synthesis.b32.conv1        2622465     1040     [4, 512, 32, 32]    float32 
bcg_synthesis.b32.torgb        279072      -        [4, 32, 32, 32]     float32 
bcg_synthesis.b32:0            -           16       [4, 512, 32, 32]    float32 
bcg_synthesis.b32:1            -           -        [4, 32, 32, 32]     float32 
bcg_synthesis.b64.conv0        1442561     4112     [4, 256, 64, 64]    float32 
bcg_synthesis.b64.conv1        721409      4112     [4, 256, 64, 64]    float32 
bcg_synthesis.b64.torgb        139552      -        [4, 32, 64, 64]     float32 
bcg_synthesis.b64:0            -           16       [4, 256, 64, 64]    float32 
bcg_synthesis.b64:1            -           -        [4, 32, 64, 64]     float32 
bcg_synthesis.b128.conv0       426369      16400    [4, 128, 128, 128]  float32 
bcg_synthesis.b128.conv1       213249      16400    [4, 128, 128, 128]  float32 
bcg_synthesis.b128.torgb       69792       -        [4, 32, 128, 128]   float32 
bcg_synthesis.b128:0           -           16       [4, 128, 128, 128]  float32 
bcg_synthesis.b128:1           -           -        [4, 32, 128, 128]   float32 
torgb.affine                   16416       -        [4, 32]             float32 
torgb                          99          -        [4, 3, 64, 64]      float32 
superresolution.block0.conv0   90401       65552    [4, 256, 256, 256]  float16 
superresolution.block0.conv1   721409      65552    [4, 256, 256, 256]  float16 
superresolution.block0.torgb   132099      -        [4, 3, 256, 256]    float16 
superresolution.block0:0       -           16       [4, 256, 256, 256]  float16 
superresolution.block0:1       -           -        [4, 3, 256, 256]    float32 
superresolution.block1.conv0   426369      262160   [4, 128, 512, 512]  float16 
superresolution.block1.conv1   213249      262160   [4, 128, 512, 512]  float16 
superresolution.block1.torgb   66051       -        [4, 3, 512, 512]    float16 
superresolution.block1:0       -           16       [4, 128, 512, 512]  float16 
superresolution.block1:1       -           -        [4, 3, 512, 512]    float32 
<top-level>                    -           25       -                   -       
---                            ---         ---      ---                 ---     
Total                          53741548    874988   -                   -       


MaskDualDiscriminatorV2  Parameters  Buffers  Output shape        Datatype
---                      ---         ---      ---                 ---     
b512.fromrgb             512         16       [4, 64, 512, 512]   float16 
b512.skip                8192        16       [4, 128, 256, 256]  float16 
b512.conv0               36928       16       [4, 64, 512, 512]   float16 
b512.conv1               73856       16       [4, 128, 256, 256]  float16 
b512                     -           16       [4, 128, 256, 256]  float16 
b256.skip                32768       16       [4, 256, 128, 128]  float16 
b256.conv0               147584      16       [4, 128, 256, 256]  float16 
b256.conv1               295168      16       [4, 256, 128, 128]  float16 
b256                     -           16       [4, 256, 128, 128]  float16 
b128.skip                131072      16       [4, 512, 64, 64]    float16 
b128.conv0               590080      16       [4, 256, 128, 128]  float16 
b128.conv1               1180160     16       [4, 512, 64, 64]    float16 
b128                     -           16       [4, 512, 64, 64]    float16 
b64.skip                 262144      16       [4, 512, 32, 32]    float16 
b64.conv0                2359808     16       [4, 512, 64, 64]    float16 
b64.conv1                2359808     16       [4, 512, 32, 32]    float16 
b64                      -           16       [4, 512, 32, 32]    float16 
b32.skip                 262144      16       [4, 512, 16, 16]    float32 
b32.conv0                2359808     16       [4, 512, 32, 32]    float32 
b32.conv1                2359808     16       [4, 512, 16, 16]    float32 
b32                      -           16       [4, 512, 16, 16]    float32 
b16.skip                 262144      16       [4, 512, 8, 8]      float32 
b16.conv0                2359808     16       [4, 512, 16, 16]    float32 
b16.conv1                2359808     16       [4, 512, 8, 8]      float32 
b16                      -           16       [4, 512, 8, 8]      float32 
b8.skip                  262144      16       [4, 512, 4, 4]      float32 
b8.conv0                 2359808     16       [4, 512, 8, 8]      float32 
b8.conv1                 2359808     16       [4, 512, 4, 4]      float32 
b8                       -           16       [4, 512, 4, 4]      float32 
mapping.embed            13312       -        [4, 512]            float32 
mapping.fc0              262656      -        [4, 512]            float32 
mapping.fc1              262656      -        [4, 512]            float32 
mapping.fc2              262656      -        [4, 512]            float32 
mapping.fc3              262656      -        [4, 512]            float32 
mapping.fc4              262656      -        [4, 512]            float32 
mapping.fc5              262656      -        [4, 512]            float32 
mapping.fc6              262656      -        [4, 512]            float32 
mapping.fc7              262656      -        [4, 512]            float32 
b4.mbstd                 -           -        [4, 513, 4, 4]      float32 
b4.conv                  2364416     16       [4, 512, 4, 4]      float32 
b4.fc                    4194816     -        [4, 512]            float32 
b4.out                   262656      -        [4, 512]            float32 
b4                       -           -        [4, 1]              float32 
<top-level>              -           16       [4, 1]              float32 
---                      ---         ---      ---                 ---     
Total                    31359808    496      -                   -       

Setting up augmentation...
Distributing across 1 GPUs...
Setting up training phases...
reward model load
[PanoHead] attached BiSeNet HeadMasker for D seg channel
using orig optimiser
Exporting sample images...
